[
  "bunnynet_account_subuser",
  "bunnynet_compute_container_app",
  "bunnynet_compute_container_imageregistry",
  "bunnynet_compute_script",
  "bunnynet_compute_script_secret",
  "bunnynet_compute_script_variable",
  "bunnynet_database",
  "bunnynet_dns_record",
  "bunnynet_dns_zone",
  "bunnynet_pullzone",
  "bunnynet_pullzone_access_list",
  "bunnynet_pullzone_edgerule",
  "bunnynet_pullzone_hostname",
  "bunnynet_pullzone_optimizer_class",
  "bunnynet_pullzone_ratelimit_rule",
  "bunnynet_pullzone_shield",
  "bunnynet_pullzone_waf_rule",
  "bunnynet_storage_file",
  "bunnynet_storage_zone",
  "bunnynet_stream_collection",
  "bunnynet_stream_library",
  "bunnynet_stream_video"
]